[duration] target=120s scenes=10 words 282-330
[asset_router] Loaded env vars from /home/ubuntu/video_engine/.env
  [reuse] Loading cached script_final.json + cached stills/audio
  [spec] scene0: intent=emotion req=['Luna 2', 'Moon'] prohib=['Apollo missions', 'astronauts on the moon', 'sound effects of impact']
  [spec] scene1: intent=explanation req=['Apollo 11', 'Neil Armstrong', 'Moon'] prohib=['Apollo 13', 'Mars', 'International Space Station']
  [spec] scene2: intent=explanation req=['Moon', 'Earth', 'Apollo 11'] prohib=['Mars', 'ISS', 'Voyager']
  [spec] scene3: intent=explanation req=['Earth', 'Moon', 'Mars-sized body'] prohib=['Apollo 11', 'Neil Armstrong', 'Saturn V']
  [spec] scene4: intent=explanation req=['Moon'] prohib=['Mars', 'ISS', 'comet']
  [spec] scene5: intent=explanation req=['Moon'] prohib=['Mars', 'Apollo 11', 'astronaut']
  [spec] scene6: intent=explanation req=['Moon'] prohib=['Mars', 'Venus', 'International Space Station']
  [spec] scene7: intent=scale req=['Moon'] prohib=['Earth', 'Sun', 'clouds']
  [spec] scene8: intent=hook req=['Moon'] prohib=['Earth rise', 'Mars', 'Voyager']
  [spec] scene9: intent=emotion req=['Moon', 'Apollo 11'] prohib=['Mars', 'Venus', 'Voyager 1']

[5-9/16] STILLS-FIRST VISUAL PLANNING (NASA/Wikimedia/AI + Manim)
  [CACHE] scene0_0.jpg reused from topic cache
  [gate] !! REJECT scene0_0.jpg: ["vision unavailable (429 RESOURCE_EXHAUSTED. {'error': {'code); metadata fallback score=0.34 (REJECT — insufficient evidence)"]
  [gate] rejected scene0_0.jpg (["vision unavailable (429 RESOURCE_EXHAUSTED. {'error': {'code); metadata fallback score=0.34 (REJECT — insufficient evidence)"])
  [CACHE] scene0_0.jpg reused from topic cache
  [vision] circuit breaker tripped after 2 errors
  [gate] !! REJECT scene0_0.jpg: ["vision unavailable (429 RESOURCE_EXHAUSTED. {'error': {'code); metadata fallback score=0.34 (REJECT — insufficient evidence)"]
  [gate] rejected scene0_0.jpg (["vision unavailable (429 RESOURCE_EXHAUSTED. {'error': {'code); metadata fallback score=0.34 (REJECT — insufficient evidence)"])
  [CACHE] scene0_0.jpg reused from topic cache
  [gate] !! REJECT scene0_0.jpg: ["unverified: score=0.34, missing=['Luna 2']"]
  [gate] rejected scene0_0.jpg (["unverified: score=0.34, missing=['Luna 2']"])
  [CACHE] scene0_0.jpg reused from topic cache
  [gate] !! REJECT scene0_0.jpg: ["unverified: score=0.34, missing=['Luna 2']"]
  [gate] rejected scene0_0.jpg (["unverified: score=0.34, missing=['Luna 2']"])
  [CACHE] scene0_0.jpg reused from topic cache
  [gate] !! REJECT scene0_0.jpg: ["unverified: score=0.24, missing=['Luna 2', 'Moon']"]
  [gate] rejected scene0_0.jpg (["unverified: score=0.24, missing=['Luna 2', 'Moon']"])
  [CACHE] scene0_0.jpg reused from topic cache
  [gate] !! REJECT scene0_0.jpg: ["unverified: score=0.24, missing=['Luna 2', 'Moon']"]
  [gate] rejected scene0_0.jpg (["unverified: score=0.24, missing=['Luna 2', 'Moon']"])
  [CACHE] scene0_0.jpg reused from topic cache
  [gate] !! REJECT scene0_0.jpg: ["unverified: score=0.34, missing=['Moon']"]
  [gate] rejected scene0_0.jpg (["unverified: score=0.34, missing=['Moon']"])
  [CACHE] scene0_0.jpg reused from topic cache
  [gate] !! REJECT scene0_0.jpg: ["unverified: score=0.34, missing=['Moon']"]
  [gate] rejected scene0_0.jpg (["unverified: score=0.34, missing=['Moon']"])
  [CACHE] scene0_0.jpg reused from topic cache
  [gate] !! REJECT scene0_0.jpg: ["unverified: score=0.34, missing=['Luna 2']"]
  [gate] rejected scene0_0.jpg (["unverified: score=0.34, missing=['Luna 2']"])
  [CACHE] scene0_0.jpg reused from topic cache
  [gate] !! REJECT scene0_0.jpg: ["unverified: score=0.34, missing=['Luna 2']"]
  [gate] rejected scene0_0.jpg (["unverified: score=0.34, missing=['Luna 2']"])
  [CACHE] scene0_0.jpg reused from topic cache
  [coverage] scene0: narration ~16s, added push_in variant of same asset (visual change)
  [CACHE] scene1_0.jpg reused from topic cache
  [gate] !! REJECT scene1_0.jpg: ["unverified: score=0.34, missing=['Neil Armstrong', 'Moon']"]
  [gate] rejected scene1_0.jpg (["unverified: score=0.34, missing=['Neil Armstrong', 'Moon']"])
  [CACHE] scene1_0.jpg reused from topic cache
  [gate] !! REJECT scene1_0.jpg: ["unverified: score=0.34, missing=['Neil Armstrong', 'Moon']"]
  [gate] rejected scene1_0.jpg (["unverified: score=0.34, missing=['Neil Armstrong', 'Moon']"])
  [CACHE] scene1_0.jpg reused from topic cache
  [gate] !! REJECT scene1_0.jpg: ["unverified: score=0.34, missing=['Apollo 11']"]
  [gate] rejected scene1_0.jpg (["unverified: score=0.34, missing=['Apollo 11']"])
  [CACHE] scene1_0.jpg reused from topic cache
  [gate] !! REJECT scene1_0.jpg: ["unverified: score=0.34, missing=['Apollo 11']"]
  [gate] rejected scene1_0.jpg (["unverified: score=0.34, missing=['Apollo 11']"])
  [CACHE] scene1_0.jpg reused from topic cache
  [gate] !! REJECT scene1_0.jpg: ["unverified: score=0.24, missing=['Apollo 11', 'Neil Armstrong']"]
  [gate] rejected scene1_0.jpg (["unverified: score=0.24, missing=['Apollo 11', 'Neil Armstrong']"])
  [CACHE] scene1_0.jpg reused from topic cache
  [gate] !! REJECT scene1_0.jpg: ["unverified: score=0.24, missing=['Apollo 11', 'Neil Armstrong']"]
  [gate] rejected scene1_0.jpg (["unverified: score=0.24, missing=['Apollo 11', 'Neil Armstrong']"])
  [CACHE] scene1_0.jpg reused from topic cache
  [gate] !! REJECT scene1_0.jpg: ["unverified: score=0.34, missing=['Neil Armstrong', 'Moon']"]
  [gate] rejected scene1_0.jpg (["unverified: score=0.34, missing=['Neil Armstrong', 'Moon']"])
  [CACHE] scene1_0.jpg reused from topic cache
  [gate] !! REJECT scene1_0.jpg: ["unverified: score=0.34, missing=['Neil Armstrong', 'Moon']"]
  [gate] rejected scene1_0.jpg (["unverified: score=0.34, missing=['Neil Armstrong', 'Moon']"])
  [CACHE] scene1_0.jpg reused from topic cache
  [gate] !! REJECT scene1_0.jpg: ["unverified: score=0.34, missing=['Apollo 11', 'Moon']"]
  [gate] rejected scene1_0.jpg (["unverified: score=0.34, missing=['Apollo 11', 'Moon']"])
  [CACHE] scene1_0.jpg reused from topic cache
  [gate] !! REJECT scene1_0.jpg: ["unverified: score=0.34, missing=['Apollo 11', 'Moon']"]
  [gate] rejected scene1_0.jpg (["unverified: score=0.34, missing=['Apollo 11', 'Moon']"])
  [CACHE] scene1_0.jpg reused from topic cache
  [CACHE] scene2_0.jpg reused from topic cache
  [CACHE] scene2_1.jpg reused from topic cache
  [gate] !! REJECT scene2_1.jpg: ["unverified: score=0.34, missing=['Apollo 11']"]
  [gate] rejected scene2_1.jpg (["unverified: score=0.34, missing=['Apollo 11']"])
  [CACHE] scene2_1.jpg reused from topic cache
  [gate] !! REJECT scene2_1.jpg: ["unverified: score=0.34, missing=['Apollo 11']"]
  [gate] rejected scene2_1.jpg (["unverified: score=0.34, missing=['Apollo 11']"])
  [CACHE] scene2_1.jpg reused from topic cache
  [gate] !! REJECT scene2_1.jpg: ["unverified: score=0.34, missing=['Apollo 11']"]
  [gate] rejected scene2_1.jpg (["unverified: score=0.34, missing=['Apollo 11']"])
  [CACHE] scene2_1.jpg reused from topic cache
  [gate] !! REJECT scene2_1.jpg: ["unverified: score=0.34, missing=['Apollo 11']"]
  [gate] rejected scene2_1.jpg (["unverified: score=0.34, missing=['Apollo 11']"])
  [CACHE] scene2_1.jpg reused from topic cache
  [gate] !! REJECT scene2_1.jpg: ["unverified: score=0.34, missing=['Earth', 'Apollo 11']"]
  [gate] rejected scene2_1.jpg (["unverified: score=0.34, missing=['Earth', 'Apollo 11']"])
  [CACHE] scene2_1.jpg reused from topic cache
  [gate] !! REJECT scene2_1.jpg: ["unverified: score=0.34, missing=['Earth', 'Apollo 11']"]
  [gate] rejected scene2_1.jpg (["unverified: score=0.34, missing=['Earth', 'Apollo 11']"])
  [CACHE] scene2_1.jpg reused from topic cache
  [gate] !! REJECT scene2_1.jpg: ["unverified: score=0.34, missing=['Earth', 'Apollo 11']"]
  [gate] rejected scene2_1.jpg (["unverified: score=0.34, missing=['Earth', 'Apollo 11']"])
  [CACHE] scene2_1.jpg reused from topic cache
  [gate] !! REJECT scene2_1.jpg: ["unverified: score=0.34, missing=['Earth', 'Apollo 11']"]
  [gate] rejected scene2_1.jpg (["unverified: score=0.34, missing=['Earth', 'Apollo 11']"])
  [CACHE] scene2_1.jpg reused from topic cache
  [gate] !! REJECT scene2_1.jpg: ["unverified: score=0.34, missing=['Moon', 'Apollo 11']"]
  [gate] rejected scene2_1.jpg (["unverified: score=0.34, missing=['Moon', 'Apollo 11']"])
  [CACHE] scene2_1.jpg reused from topic cache
  [gate] !! REJECT scene2_1.jpg: ["unverified: score=0.34, missing=['Moon', 'Apollo 11']"]
  [gate] rejected scene2_1.jpg (["unverified: score=0.34, missing=['Moon', 'Apollo 11']"])
  [coverage] scene2: narration ~15s, added push_in variant of same asset (visual change)
  [CACHE] scene3_0.jpg reused from topic cache
  [CACHE] scene3_1.jpg reused from topic cache
  [gate] !! REJECT scene3_1.jpg: ["unverified: score=0.24, missing=['Earth', 'Moon']"]
  [gate] rejected scene3_1.jpg (["unverified: score=0.24, missing=['Earth', 'Moon']"])
  [CACHE] scene3_1.jpg reused from topic cache
  [gate] !! REJECT scene3_1.jpg: ["unverified: score=0.24, missing=['Earth', 'Moon']"]
  [gate] rejected scene3_1.jpg (["unverified: score=0.24, missing=['Earth', 'Moon']"])
  [CACHE] scene3_1.jpg reused from topic cache
  [gate] !! REJECT scene3_1.jpg: ["unverified: score=0.34, missing=['Earth', 'Mars-sized body']"]
  [gate] rejected scene3_1.jpg (["unverified: score=0.34, missing=['Earth', 'Mars-sized body']"])
  [CACHE] scene3_1.jpg reused from topic cache
  [gate] !! REJECT scene3_1.jpg: ["unverified: score=0.34, missing=['Earth', 'Mars-sized body']"]
  [gate] rejected scene3_1.jpg (["unverified: score=0.34, missing=['Earth', 'Mars-sized body']"])
  [CACHE] scene3_1.jpg reused from topic cache
  [gate] !! REJECT scene3_1.jpg: ["unverified: score=0.24, missing=['Earth', 'Mars-sized body']"]
  [gate] rejected scene3_1.jpg (["unverified: score=0.24, missing=['Earth', 'Mars-sized body']"])
  [CACHE] scene3_1.jpg reused from topic cache
  [gate] !! REJECT scene3_1.jpg: ["unverified: score=0.24, missing=['Earth', 'Mars-sized body']"]
  [gate] rejected scene3_1.jpg (["unverified: score=0.24, missing=['Earth', 'Mars-sized body']"])
  [CACHE] scene3_1.jpg reused from topic cache
  [gate] !! REJECT scene3_1.jpg: ["unverified: score=0.34, missing=['Moon', 'Mars-sized body']"]
  [gate] rejected scene3_1.jpg (["unverified: score=0.34, missing=['Moon', 'Mars-sized body']"])
  [CACHE] scene3_1.jpg reused from topic cache
  [gate] !! REJECT scene3_1.jpg: ["unverified: score=0.34, missing=['Moon', 'Mars-sized body']"]
  [gate] rejected scene3_1.jpg (["unverified: score=0.34, missing=['Moon', 'Mars-sized body']"])
  [CACHE] scene3_1.jpg reused from topic cache
  [gate] !! REJECT scene3_1.jpg: ["unverified: score=0.34, missing=['Earth', 'Mars-sized body']"]
  [gate] rejected scene3_1.jpg (["unverified: score=0.34, missing=['Earth', 'Mars-sized body']"])
  [CACHE] scene3_1.jpg reused from topic cache
  [gate] !! REJECT scene3_1.jpg: ["unverified: score=0.34, missing=['Earth', 'Mars-sized body']"]
  [gate] rejected scene3_1.jpg (["unverified: score=0.34, missing=['Earth', 'Mars-sized body']"])
  [CACHE] scene4_0.jpg reused from topic cache
  [CACHE] scene4_1.jpg reused from topic cache
  [gate] !! REJECT scene4_1.jpg: ['unverified: score=0.34, missing=[]']
  [gate] rejected scene4_1.jpg (['unverified: score=0.34, missing=[]'])
  [CACHE] scene4_1.jpg reused from topic cache
  [gate] !! REJECT scene4_1.jpg: ['unverified: score=0.34, missing=[]']
  [gate] rejected scene4_1.jpg (['unverified: score=0.34, missing=[]'])
  [CACHE] scene4_1.jpg reused from topic cache
  [gate] !! REJECT scene4_1.jpg: ['unverified: score=0.24, missing=[]']
  [gate] rejected scene4_1.jpg (['unverified: score=0.24, missing=[]'])
  [CACHE] scene4_1.jpg reused from topic cache
  [gate] !! REJECT scene4_1.jpg: ['unverified: score=0.24, missing=[]']
  [gate] rejected scene4_1.jpg (['unverified: score=0.24, missing=[]'])
  [CACHE] scene4_1.jpg reused from topic cache
  [gate] !! REJECT scene4_1.jpg: ['unverified: score=0.34, missing=[]']
  [gate] rejected scene4_1.jpg (['unverified: score=0.34, missing=[]'])
  [CACHE] scene4_1.jpg reused from topic cache
  [gate] !! REJECT scene4_1.jpg: ['unverified: score=0.34, missing=[]']
  [gate] rejected scene4_1.jpg (['unverified: score=0.34, missing=[]'])
  [CACHE] scene4_1.jpg reused from topic cache
  [gate] !! REJECT scene4_1.jpg: ['unverified: score=0.34, missing=[]']
  [gate] rejected scene4_1.jpg (['unverified: score=0.34, missing=[]'])
  [CACHE] scene4_1.jpg reused from topic cache
  [gate] !! REJECT scene4_1.jpg: ['unverified: score=0.34, missing=[]']
  [gate] rejected scene4_1.jpg (['unverified: score=0.34, missing=[]'])
  [coverage] scene4: narration ~10s, added pull_out variant of same asset (visual change)
  [CACHE] scene5_0.jpg reused from topic cache
  [gate] !! REJECT scene5_0.jpg: ['unverified: score=0.34, missing=[]']
  [gate] rejected scene5_0.jpg (['unverified: score=0.34, missing=[]'])
  [CACHE] scene5_0.jpg reused from topic cache
  [gate] !! REJECT scene5_0.jpg: ['unverified: score=0.34, missing=[]']
  [gate] rejected scene5_0.jpg (['unverified: score=0.34, missing=[]'])
  [CACHE] scene5_0.jpg reused from topic cache
  [gate] !! REJECT scene5_0.jpg: ['unverified: score=0.24, missing=[]']
  [gate] rejected scene5_0.jpg (['unverified: score=0.24, missing=[]'])
  [CACHE] scene5_0.jpg reused from topic cache
  [gate] !! REJECT scene5_0.jpg: ['unverified: score=0.24, missing=[]']
  [gate] rejected scene5_0.jpg (['unverified: score=0.24, missing=[]'])
  [CACHE] scene5_0.jpg reused from topic cache
  [gate] !! REJECT scene5_0.jpg: ['unverified: score=0.34, missing=[]']
  [gate] rejected scene5_0.jpg (['unverified: score=0.34, missing=[]'])
  [CACHE] scene5_0.jpg reused from topic cache
  [gate] !! REJECT scene5_0.jpg: ['unverified: score=0.34, missing=[]']
  [gate] rejected scene5_0.jpg (['unverified: score=0.34, missing=[]'])
  [CACHE] scene5_0.jpg reused from topic cache
  [gate] !! REJECT scene5_0.jpg: ['unverified: score=0.34, missing=[]']
  [gate] rejected scene5_0.jpg (['unverified: score=0.34, missing=[]'])
  [CACHE] scene5_0.jpg reused from topic cache
  [gate] !! REJECT scene5_0.jpg: ['unverified: score=0.34, missing=[]']
  [gate] rejected scene5_0.jpg (['unverified: score=0.34, missing=[]'])
  [CACHE] scene5_0.jpg reused from topic cache
  [coverage] scene5: narration ~10s, added push_in variant of same asset (visual change)
  [CACHE] scene6_0.jpg reused from topic cache
  [CACHE] scene6_1.jpg reused from topic cache
  [gate] !! REJECT scene6_1.jpg: ['unverified: score=0.34, missing=[]']
  [gate] rejected scene6_1.jpg (['unverified: score=0.34, missing=[]'])
  [CACHE] scene6_1.jpg reused from topic cache
  [gate] !! REJECT scene6_1.jpg: ['unverified: score=0.34, missing=[]']
  [gate] rejected scene6_1.jpg (['unverified: score=0.34, missing=[]'])
  [CACHE] scene6_1.jpg reused from topic cache
  [gate] !! REJECT scene6_1.jpg: ['unverified: score=0.24, missing=[]']
  [gate] rejected scene6_1.jpg (['unverified: score=0.24, missing=[]'])
  [CACHE] scene6_1.jpg reused from topic cache
  [gate] !! REJECT scene6_1.jpg: ['unverified: score=0.24, missing=[]']
  [gate] rejected scene6_1.jpg (['unverified: score=0.24, missing=[]'])
  [CACHE] scene6_1.jpg reused from topic cache
  [gate] !! REJECT scene6_1.jpg: ['unverified: score=0.34, missing=[]']
  [gate] rejected scene6_1.jpg (['unverified: score=0.34, missing=[]'])
  [CACHE] scene6_1.jpg reused from topic cache
  [gate] !! REJECT scene6_1.jpg: ['unverified: score=0.34, missing=[]']
  [gate] rejected scene6_1.jpg (['unverified: score=0.34, missing=[]'])
  [CACHE] scene6_1.jpg reused from topic cache
  [gate] !! REJECT scene6_1.jpg: ['unverified: score=0.34, missing=[]']
  [gate] rejected scene6_1.jpg (['unverified: score=0.34, missing=[]'])
  [CACHE] scene6_1.jpg reused from topic cache
  [gate] !! REJECT scene6_1.jpg: ['unverified: score=0.34, missing=[]']
  [gate] rejected scene6_1.jpg (['unverified: score=0.34, missing=[]'])
  [coverage] scene6: narration ~11s, added push_in variant of same asset (visual change)
  [CACHE] scene7_0.jpg reused from topic cache
  [CACHE] scene7_1.jpg reused from topic cache
  [gate] !! REJECT scene7_1.jpg: ['unverified: score=0.34, missing=[]']
  [gate] rejected scene7_1.jpg (['unverified: score=0.34, missing=[]'])
  [CACHE] scene7_1.jpg reused from topic cache
  [gate] !! REJECT scene7_1.jpg: ['unverified: score=0.34, missing=[]']
  [gate] rejected scene7_1.jpg (['unverified: score=0.34, missing=[]'])
  [CACHE] scene7_1.jpg reused from topic cache
  [gate] !! REJECT scene7_1.jpg: ['unverified: score=0.24, missing=[]']
  [gate] rejected scene7_1.jpg (['unverified: score=0.24, missing=[]'])
  [CACHE] scene7_1.jpg reused from topic cache
  [gate] !! REJECT scene7_1.jpg: ['unverified: score=0.24, missing=[]']
  [gate] rejected scene7_1.jpg (['unverified: score=0.24, missing=[]'])
  [CACHE] scene7_1.jpg reused from topic cache
  [gate] !! REJECT scene7_1.jpg: ['unverified: score=0.34, missing=[]']
  [gate] rejected scene7_1.jpg (['unverified: score=0.34, missing=[]'])
  [CACHE] scene7_1.jpg reused from topic cache
  [gate] !! REJECT scene7_1.jpg: ['unverified: score=0.34, missing=[]']
  [gate] rejected scene7_1.jpg (['unverified: score=0.34, missing=[]'])
  [CACHE] scene7_1.jpg reused from topic cache
  [gate] !! REJECT scene7_1.jpg: ['unverified: score=0.34, missing=[]']
  [gate] rejected scene7_1.jpg (['unverified: score=0.34, missing=[]'])
  [CACHE] scene7_1.jpg reused from topic cache
  [gate] !! REJECT scene7_1.jpg: ['unverified: score=0.34, missing=[]']
  [gate] rejected scene7_1.jpg (['unverified: score=0.34, missing=[]'])
  [coverage] scene7: narration ~10s, added push_in variant of same asset (visual change)