[duration] target=120s scenes=10 words 282-330
[asset_router] Loaded env vars from /home/ubuntu/video_engine/.env

[1/16] RESEARCH
  14 facts, 5 sources (9.0s)

[2/16] FACT VERIFICATION
  Verified 14/14 facts

[3/16] SCRIPT DEVELOPMENT
  10 scenes drafted, 380 words (~152s at 150wpm)
  !! Over word budget (380 > 330) — compressing once

[4/16] SCRIPT REVIEW (4 independent reviewers, ≤3 passes)

── Script Review pass 1/3 ──
  [             Fact Reviewer] score=6.5/10 conf=0.92 issues=11 (critical:4 major:5 minor:2)
  [        Documentary Editor] score=7.2/10 conf=0.88 issues=10 (crit:1 major:2 minor:5 nit:2)
  [Audience Retention Reviewer] score=6.5/10 conf=0.88 issues=5 (critical:1 major:2 minor:1 nit:1)
  [     Storytelling Reviewer] score=7.2/10 conf=0.85 issues=8 (major:4 minor:4)
  Gate: FAIL (scores={'fact_reviewer': 6.5, 'documentary_editor': 7.2, 'retention_reviewer': 6.5, 'storytelling_reviewer': 7.2})
  Revised 10 scenes from consolidated feedback.

── Script Review pass 2/3 ──
  [             Fact Reviewer] score=6.5/10 conf=0.90 issues=10 (critical:4 major:3 minor:3)
  [        Documentary Editor] score=6.5/10 conf=0.85 issues=8 (major:3 minor:3 nit:2)
  [Audience Retention Reviewer] score=6.2/10 conf=0.85 issues=5 (major:2 minor:2 nit:1)
  [     Storytelling Reviewer] score=7.2/10 conf=0.85 issues=8 (major:2 minor:3 nit:3)
  Gate: FAIL (scores={'fact_reviewer': 6.5, 'documentary_editor': 6.5, 'retention_reviewer': 6.2, 'storytelling_reviewer': 7.2})
  Revised 10 scenes from consolidated feedback.

── Script Review pass 3/3 ──
  [             Fact Reviewer] score=7.0/10 conf=0.92 issues=3 (minor:1 nit:2)
  [        Documentary Editor] score=6.5/10 conf=0.90 issues=9 (major:4 minor:3 nit:2)
  [Audience Retention Reviewer] score=6.2/10 conf=0.85 issues=6 (major:3 minor:2 nit:1)
  [     Storytelling Reviewer] score=6.2/10 conf=0.82 issues=7 (major:3 minor:2 nit:2)
  Gate: FAIL (scores={'fact_reviewer': 7.0, 'documentary_editor': 6.5, 'retention_reviewer': 6.2, 'storytelling_reviewer': 6.2})
  Max passes reached — using best available script.
  Gate passed: False after 3 pass(es) (scores: {'fact_reviewer': 7.0, 'documentary_editor': 6.5, 'retention_reviewer': 6.2, 'storytelling_reviewer': 6.2})
  !! Post-review over budget (505 words) — compressing
  Compressed to 232 words
  [spec] scene0: intent=reveal req=['Luna 2', 'Moon'] prohib=['Apollo 11', 'Apollo 17', 'astronauts']
  [spec] scene1: intent=journey req=['Apollo 11', 'Moon', 'Neil Armstrong'] prohib=['Mars', 'Voyager', 'Space Shuttle']
  [spec] scene2: intent=explanation req=['Moon', 'Apollo 11', 'lunar rock'] prohib=['Mars', 'International Space Station', 'Voyager 1']
  [spec] scene3: intent=hook req=['Moon', 'Earth', 'Theia'] prohib=['Venus', 'Mars (as the impactor)', 'Sun']
  [spec] scene4: intent=explanation req=['Moon'] prohib=['Mars', 'International Space Station', 'Sun']
  [spec] scene5: intent=explanation req=['Moon'] prohib=['Earthrise', 'Apollo 15', 'Mars']
  [spec] scene6: intent=explanation req=['Moon', 'astronaut'] prohib=['Mars', 'Jupiter', 'Saturn']
  [spec] scene7: intent=scale req=['Moon'] prohib=['any spacecraft other than Apollo landers/rovers (e.g., Saturn V in flight, Sputnik)', 'Mars', 'close-up of astronaut without Moon visible']
  [spec] scene8: intent=hook req=['Apollo 11', 'Moon'] prohib=['Mars', 'Voyager', 'International Space Station']
  [spec] scene9: intent=hook req=['Moon'] prohib=['Mars', 'Space Shuttle', 'International Space Station']

[5-9/16] STILLS-FIRST VISUAL PLANNING (NASA/Wikimedia/AI + Manim)
  [NASA] 'spacecraft crash Moon surface' → scene0_0.jpg (1274 KB) | Perseverance and Mars 2020 Spacecraft Components on the Surf
  [gate] !! REJECT scene0_0.jpg: ['fatal: vision check failed (A high-resolution orbital view of a cratered planetary surface with prominent wind-blown sand ripples, characteristic of Mars.)']
  [gate] rejected scene0_0.jpg (['fatal: vision check failed (A high-resolution orbital view of a cratered planetary surface with prominent wind-blown sand ripples, characteristic of Mars.)'])
  [NASA] 'Luna 2' → scene0_0.jpg (24 KB) | Luna 21 Lander
  [Wiki] 'Luna 2' → scene0_1.jpg (683 KB) | File:FullMoon2010.jpg | CC BY-SA 3.0
  [NASA] 'Apollo 11 launch Saturn V' → scene1_0.jpg (2387 KB) | Saturn Apollo Program
  [gate] !! REJECT scene1_0.jpg: ['fatal: vision check failed (The launch of the Saturn V rocket carrying the Apollo 11 mission.)']
  [gate] rejected scene1_0.jpg (['fatal: vision check failed (The launch of the Saturn V rocket carrying the Apollo 11 mission.)'])
  [NASA] 'Neil Armstrong first step Moon' → scene1_0.jpg (6159 KB) | Saturn Apollo Program
  [gate] !! REJECT scene1_0.jpg: ['fatal: vision check failed (Buzz Aldrin descending the ladder of the Apollo 11 Lunar Module on the Moon, photographed by Neil Armstrong.)']
  [gate] rejected scene1_0.jpg (['fatal: vision check failed (Buzz Aldrin descending the ladder of the Apollo 11 Lunar Module on the Moon, photographed by Neil Armstrong.)'])
  [Wiki] 'Neil Armstrong first step Moon' → scene1_0.jpg (748 KB) | File:Neil Armstrong at Lunar Landing Research Facility (LRC- | PUBLIC DOMAIN
  [NASA] 'astronaut footprint lunar surface' → scene1_1.jpg (774 KB) | KSC-AS-11-40-5902
  [gate] !! REJECT scene1_1.jpg: ["fatal: vision check failed (Apollo 11 Lunar Module 'Eagle' on the lunar surface with astronaut Buzz Aldrin)"]
  [gate] rejected scene1_1.jpg (["fatal: vision check failed (Apollo 11 Lunar Module 'Eagle' on the lunar surface with astronaut Buzz Aldrin)"])
  [NASA] 'Apollo 11' → scene1_1.jpg (1401 KB) | Apollo 11 spacecraft pre-launch
  [AI] nvidia_nim: scene2_0.jpg (119 KB)
  [NASA] 'Moon orbit Earth time lapse' → scene2_1.jpg (14357 KB) | Image is NASA Armstrong Flight Research Center’s mission sup
  [AI] nvidia_nim: scene3_0.jpg (4 KB)
  [Wiki] 'Moon formation debris ring' → scene3_1.jpg (48 KB) | File:15-143-PlutoSystem-NewHorizons-20150626.jpg | PUBLIC DOMAIN
  [gate] !! REJECT scene3_1.jpg: ['fatal: vision check failed (Pluto and its moons (Charon, Styx, Nix, Hydra, Kerberos))']
  [gate] rejected scene3_1.jpg (['fatal: vision check failed (Pluto and its moons (Charon, Styx, Nix, Hydra, Kerberos))'])
  [NASA] 'Apollo lunar samples rocks' → scene3_1.jpg (7359 KB) | View of Apollo 17 lunar rock sample no. 72255
  [gate] !! REJECT scene3_1.jpg: ['fatal: vision check failed (Apollo 17 lunar sample 72255 in a laboratory setting)']
  [gate] rejected scene3_1.jpg (['fatal: vision check failed (Apollo 17 lunar sample 72255 in a laboratory setting)'])
  [Wiki] 'Apollo lunar samples rocks' → scene3_1.jpg (387 KB) | File:Apollo 17 Harrison H. Schmitt and Tracy's Rock - AS17-1 | PUBLIC DOMAIN
  [gate] !! REJECT scene3_1.jpg: ['fatal: vision check failed (An astronaut standing next to a large boulder on the lunar surface with the Lunar Roving Vehicle nearby during the Apollo 17 mission.)']
  [gate] rejected scene3_1.jpg (['fatal: vision check failed (An astronaut standing next to a large boulder on the lunar surface with the Lunar Roving Vehicle nearby during the Apollo 17 mission.)'])
  [NASA] 'Moon' → scene3_1.jpg (248 KB) | Nearside of the Moon
  [AI] nvidia_nim: scene4_0.jpg (117 KB)
  [NASA] 'lunar near side far side' → scene4_1.jpg (133 KB) | King Crater Unusual Melt Pond
  [NASA] 'Moon surface temperature extremes' → scene5_0.jpg (20185 KB) | PRIME-1 MSolo MLI Install
  [gate] !! REJECT scene5_0.jpg: ['fatal: vision check failed (A technician in a cleanroom working on a scientific instrument wrapped in protective foil.)']
  [gate] rejected scene5_0.jpg (['fatal: vision check failed (A technician in a cleanroom working on a scientific instrument wrapped in protective foil.)'])
  [Wiki] 'Moon surface temperature extremes' → scene5_0.jpg (362 KB) | File:August 2010 CME SDO Multi-Wavelength.jpg | PUBLIC DOMAIN
  [gate] !! REJECT scene5_0.jpg: ['fatal: vision check failed (The Sun in extreme ultraviolet light)']
  [gate] rejected scene5_0.jpg (['fatal: vision check failed (The Sun in extreme ultraviolet light)'])
  [Wiki] 'lunar day night cycle' → scene5_0.jpg (766 KB) | File:Lunar Lander Test Rig (8286972584).jpg | CC BY 2.0
  [gate] !! REJECT scene5_0.jpg: ['fatal: vision check failed (A man standing next to a drone in a workshop or laboratory setting.)']
  [gate] rejected scene5_0.jpg (['fatal: vision check failed (A man standing next to a drone in a workshop or laboratory setting.)'])
  [NASA] 'Moon' → scene5_0.jpg (248 KB) | Nearside of the Moon
  [dedup] skipped scene5_0.jpg (perceptually identical to a placed still)
  [Wiki] 'Moon' → scene5_0.jpg (683 KB) | File:FullMoon2010.jpg | CC BY-SA 3.0
  [dedup] skipped scene5_0.jpg (perceptually identical to a placed still)
  [AI] nvidia_nim: scene5_0.jpg (153 KB)
  [coverage] scene5: narration ~10s, added push_in variant of same asset (visual change)
  [AI] nvidia_nim: scene6_0.jpg (136 KB)
  [NASA] 'Apollo 15 lunar rover' → scene6_1.jpg (6773 KB) | Saturn Apollo Program
  [gate] !! REJECT scene6_1.jpg: ['PROHIBITED entity present: Saturn', 'fatal: prohibited entity violation']
  [gate] rejected scene6_1.jpg (['PROHIBITED entity present: Saturn'])
  [NASA] 'Earthrise from Moon' → scene6_1.jpg (446 KB) | Artemis Era Earthrise
  [gate] !! REJECT scene6_1.jpg: ['fatal: vision check failed (crescent Earth)']
  [gate] rejected scene6_1.jpg (['fatal: vision check failed (crescent Earth)'])
  [NASA] 'Moon' → scene6_1.jpg (248 KB) | Nearside of the Moon
  [dedup] skipped scene6_1.jpg (perceptually identical to a placed still)
  [Wiki] 'Moon' → scene6_1.jpg (902 KB) | File:Full Moon Luc Viatour.jpg | CC BY-SA 3.0
  [AI] nvidia_nim: scene7_0.jpg (71 KB)
  [Wiki] 'Moon internal structure cross section' → scene7_1.jpg (493 KB) | File:Enceladus Cross-section.jpg | CC BY 2.0
  [gate] !! REJECT scene7_1.jpg: ['fatal: vision check failed (Enceladus interior diagram)']
  [gate] rejected scene7_1.jpg (['fatal: vision check failed (Enceladus interior diagram)'])
  [NASA] 'lunar mass density' → scene7_1.jpg (614 KB) | Ganymede G1 & G2 Encounters - Interior of Ganymede
  [gate] !! REJECT scene7_1.jpg: ['fatal: vision check failed (A 3D cutaway diagram of Ganymede (or a similar icy moon) showing its internal layers (core, silicate mantle, water/ice mantle, and crust) against a starry background.)']
  [gate] rejected scene7_1.jpg (['fatal: vision check failed (A 3D cutaway diagram of Ganymede (or a similar icy moon) showing its internal layers (core, silicate mantle, water/ice mantle, and crust) against a starry background.)'])
  [NASA] 'Moon no atmosphere space' → scene7_1.jpg (318 KB) |  Hubble's Ultraviolet Observations Reveal Hydrogen and Oxyge
  [AI] nvidia_nim: scene8_0.jpg (109 KB)
  [NASA] 'Moon return missions after Apollo' → scene8_1.jpg (30185 KB) | Space Policy Directive - 1 Signing
  [gate] !! REJECT scene8_1.jpg: ['fatal: vision check failed (Ivanka Trump and Apollo 17 astronaut Harrison Schmitt looking at a lunar sample (Moon rock) in the White House.)']
  [gate] rejected scene8_1.jpg (['fatal: vision check failed (Ivanka Trump and Apollo 17 astronaut Harrison Schmitt looking at a lunar sample (Moon rock) in the White House.)'])
  [NASA] 'future lunar exploration' → scene8_1.jpg (141 KB) | The Floor of Tycho
  [gate] !! REJECT scene8_1.jpg: ['fatal: vision check failed (The rugged, boulder-strewn surface of an asteroid (specifically Bennu, captured by OSIRIS-REx))']
  [gate] rejected scene8_1.jpg (['fatal: vision check failed (The rugged, boulder-strewn surface of an asteroid (specifically Bennu, captured by OSIRIS-REx))'])
  [NASA] 'Apollo 11' → scene8_1.jpg (1401 KB) | Apollo 11 spacecraft pre-launch
  [dedup] skipped scene8_1.jpg (perceptually identical to a placed still)
  [NASA] 'Moon' → scene8_1.jpg (248 KB) | Nearside of the Moon
  [dedup] skipped scene8_1.jpg (perceptually identical to a placed still)
  [Wiki] 'Moon' → scene8_1.jpg (902 KB) | File:Full Moon Luc Viatour.jpg | CC BY-SA 3.0
  [dedup] skipped scene8_1.jpg (perceptually identical to a placed still)
  [NASA] 'Moon Earthrise photo' → scene9_0.jpg (446 KB) | Artemis Era Earthrise
  [gate] !! REJECT scene9_0.jpg: ['fatal: vision check failed (Crescent Earth)']
  [gate] rejected scene9_0.jpg (['fatal: vision check failed (Crescent Earth)'])
  [NASA] 'Moon' → scene9_0.jpg (248 KB) | Nearside of the Moon
  [dedup] skipped scene9_0.jpg (perceptually identical to a placed still)
  [Wiki] 'Moon' → scene9_0.jpg (902 KB) | File:Full Moon Luc Viatour.jpg | CC BY-SA 3.0
  [dedup] skipped scene9_0.jpg (perceptually identical to a placed still)
  [AI] nvidia_nim: scene9_0.jpg (39 KB)
  Shots planned: scene0: 2, scene1: 3, scene2: 2, scene3: 2, scene4: 2, scene5: 2, scene6: 2, scene7: 2, scene8: 1, scene9: 1
  Sources: {'manim': 1, 'nasa': 6, 'wikimedia': 3, 'ai': 8, 'video_fallback': 0, 'rejected': 17, 'vision_checked': 18, 'deduped': 8} (510.7s)
Traceback (most recent call last):
  File "/home/ubuntu/video_engine/mission_stills.py", line 1297, in <module>
    main()
  File "/home/ubuntu/video_engine/mission_stills.py", line 914, in main
    audio_durations, narration_stats = M.stage_narration_dynamic(
                                       ^^^^^^^^^^^^^^^^^^^^^^^^^^
  File "/home/ubuntu/video_engine/mission_run.py", line 980, in stage_narration_dynamic
    sents_clean = [strip_paralinguistic_tags(s) for s in sents]
                   ^^^^^^^^^^^^^^^^^^^^^^^^^
NameError: name 'strip_paralinguistic_tags' is not defined
